// Vitest Snapshot v1, https://vitest.dev/guide/snapshot.html

exports[`SocialEmbed Component > Snapshot Tests > should match snapshot for Twitter embed (loading state) 1`] = `
<div
  class="my-6 flex w-full max-w-full justify-center"
>
  <div
    class="w-full animate-pulse overflow-hidden rounded-lg bg-muted"
  >
    <div
      class="space-y-3 p-4"
    >
      <div
        class="flex items-center gap-3"
      >
        <div
          class="h-10 w-10 rounded-full bg-muted-foreground/20"
        />
        <div
          class="flex-1 space-y-2"
        >
          <div
            class="h-3 w-1/3 rounded bg-muted-foreground/20"
          />
          <div
            class="h-2 w-1/4 rounded bg-muted-foreground/20"
          />
        </div>
      </div>
      <div
        class="space-y-2"
      >
        <div
          class="h-2 w-full rounded bg-muted-foreground/20"
        />
        <div
          class="h-2 w-5/6 rounded bg-muted-foreground/20"
        />
        <div
          class="h-2 w-4/6 rounded bg-muted-foreground/20"
        />
      </div>
    </div>
    <div
      class="px-4 pb-4"
    >
      <p
        class="text-center text-muted-foreground text-xs"
      >
        Loading 
        X (Twitter)
        ...
      </p>
    </div>
  </div>
</div>
`;

exports[`SocialEmbed Component > Snapshot Tests > should match snapshot for YouTube embed (loading state) 1`] = `
<script
  type="application/ld+json"
>
  {"@context":"https://schema.org","@type":"VideoObject","name":"YouTube Video","embedUrl":"https://www.youtube.com/embed/abc123","thumbnailUrl":"https://img.youtube.com/vi/abc123/maxresdefault.jpg"}
</script>
`;
